---------------------- LINE DICTIONARY ---------------------------------------
LineType  Diam      MassDenInAir   EA            CB   CIntDamp  Ca   Cdn    Cdt     
(-)       (m)       (kg/m)        (N)           (-)   (Pa-s)    (-)  (-)    (-)
upper     0.07      160        600000000        1.0    1.0E8    0.6 -1.0    0.05 
middle    0.08      180        700000000        1.0    1.0E8    0.6 -1.0    0.05 
lower     0.085     200        800000000        1.0    1.0E8    0.6 -1.0    0.05 
---------------------- NODE PROPERTIES ---------------------------------------
Node  Type       X       Y       Z      M     B     FX      FY      FZ
(-)   (-)       (m)     (m)     (m)    (kg)  (mˆ3)  (N)     (N)     (N)
1     fix       -300     0      depth   0     0      #      #       #
2     Connect  #-120    #0     #-70     0     0      0      0       0 
3     Connect  #-53     #0     #-20     0     0      0      0       0 
4     vessel    -25     15       0.0    0     0      #      #       #
5     Vessel    -25    -15       0.0    0     0      #      #       # 
---------------------- LINEP ROPERTIES ---------------------------------------
Line    LineType  UnstrLen  NodeAnch  NodeFair  Flags
(-)      (-)       (m)       (-)       (-)       (-)
1        lower     130       1         2        omit_contact gy_pos  gz_a_pos  H_ANCH seg_size 19  damage_time 12
2        middle    122       2         3        omit_contact linear_spring
3        upper     50        3         4        omit_contact x_excursion  z_excursion  azimuth  tension_fair omit_contact 
4        upper     50        3         5        omit_contact tension_anch omit_contact
---------------------- SOLVER OPTIONS-----------------------------------------
Option 
(-) 
help
 integration_dt 0
 kb_default 3.0e6
 cb_default 3.0e5
 wave_kinematics 
inner_ftol 1e-6
inner_gtol 1e-6
inner_xtol 1e-6
outer_tol 1e-4
 pg_cooked 10000 1
 outer_fd 
 outer_bd 
 outer_cd
 inner_max_its 100
 outer_max_its 500
repeat 120 240
 krylov_accelerator 3
 ref_position 0.0 0.0 -6.0
 -172.772029
    0.000000
  -82.007818
  -63.224371
    0.000000
  -28.179102
